npm error code EUSAGE
npm error
npm error `npm ci` can only install packages when your package.json and package-lock.json or npm-shrinkwrap.json are in sync. Please update your lock file with `npm install` before continuing.
npm error
npm error Missing: @fortawesome/fontawesome-svg-core@6.7.2 from lock file
npm error Missing: @fortawesome/free-brands-svg-icons@6.7.2 from lock file
npm error Missing: @fortawesome/free-regular-svg-icons@6.7.2 from lock file
npm error Missing: @fortawesome/free-solid-svg-icons@6.7.2 from lock file
npm error Missing: @fortawesome/react-fontawesome@0.2.6 from lock file
npm error Missing: @mdi/js@7.4.47 from lock file
npm error Missing: @mdi/react@1.6.1 from lock file
npm error Missing: @radix-ui/react-dialog@1.1.23 from lock file
npm error Missing: @radix-ui/react-icons@1.3.2 from lock file
npm error Missing: @radix-ui/react-slot@1.3.3 from lock file
npm error Missing: @radix-ui/themes@3.3.0 from lock file
npm error Missing: @vercel/analytics@2.0.1 from lock file
npm error Missing: class-variance-authority@0.7.1 from lock file
npm error Missing: clsx@2.1.1 from lock file
npm error Invalid: lock file's eslint-config-next@15.3.0 does not satisfy eslint-config-next@16.1.6
npm error Missing: framer-motion@12.43.0 from lock file
npm error Missing: lodash@4.18.1 from lock file
npm error Missing: lucide-react@0.487.0 from lock file
npm error Missing: matter-js@0.20.0 from lock file
npm error Invalid: lock file's next@15.3.0 does not satisfy next@16.1.6
npm error Missing: next-themes@0.4.6 from lock file
npm error Missing: poly-decomp@0.3.0 from lock file
npm error Missing: svg-path-commander@2.3.3 from lock file
npm error Missing: tailwind-merge@3.7.0 from lock file
npm error Missing: tw-animate-css@1.4.0 from lock file
npm error Missing: @fortawesome/fontawesome-common-types@6.7.2 from lock file
npm error Missing: @radix-ui/primitive@1.1.7 from lock file
npm error Missing: @radix-ui/react-compose-refs@1.1.5 from lock file
npm error Missing: @radix-ui/react-context@1.2.2 from lock file
npm error Missing: @radix-ui/react-dismissable-layer@1.1.19 from lock file
npm error Missing: @radix-ui/react-focus-guards@1.1.6 from lock file
npm error Missing: @radix-ui/react-focus-scope@1.1.16 from lock file
npm error Missing: @radix-ui/react-id@1.1.4 from lock file
npm error Missing: @radix-ui/react-portal@1.1.17 from lock file
npm error Missing: @radix-ui/react-presence@1.1.10 from lock file
npm error Missing: @radix-ui/react-primitive@2.1.10 from lock file
npm error Missing: @radix-ui/react-use-controllable-state@1.2.6 from lock file
npm error Missing: @radix-ui/react-use-layout-effect@1.1.4 from lock file
npm error Missing: aria-hidden@1.2.6 from lock file
npm error Missing: react-remove-scroll@2.7.2 from lock file
npm error Missing: @radix-ui/react-use-callback-ref@1.1.4 from lock file
npm error Missing: @radix-ui/react-use-effect-event@0.0.5 from lock file
npm error Missing: @radix-ui/colors@3.0.0 from lock file
npm error Missing: classnames@2.5.1 from lock file
npm error Missing: radix-ui@1.6.7 from lock file
npm error Missing: react-remove-scroll-bar@2.3.8 from lock file
npm error Invalid: lock file's @next/eslint-plugin-next@15.3.0 does not satisfy @next/eslint-plugin-next@16.1.6
npm error Invalid: lock file's eslint-plugin-import@2.31.0 does not satisfy eslint-plugin-import@2.32.0
npm error Invalid: lock file's eslint-plugin-react-hooks@5.2.0 does not satisfy eslint-plugin-react-hooks@7.1.1
npm error Missing: globals@16.4.0 from lock file
npm error Missing: typescript-eslint@8.70.0 from lock file
npm error Invalid: lock file's array-includes@3.1.8 does not satisfy array-includes@3.2.0
npm error Invalid: lock file's eslint-module-utils@2.12.0 does not satisfy eslint-module-utils@2.14.0
npm error Invalid: lock file's call-bind@1.0.8 does not satisfy call-bind@1.0.9
npm error Invalid: lock file's es-abstract@1.23.9 does not satisfy es-abstract@1.24.2
npm error Invalid: lock file's es-object-atoms@1.1.1 does not satisfy es-object-atoms@1.1.2
npm error Missing: is-negative-zero@2.0.3 from lock file
npm error Missing: stop-iteration-iterator@1.1.0 from lock file
npm error Missing: @babel/core@7.29.7 from lock file
npm error Missing: @babel/parser@7.29.8 from lock file
npm error Missing: hermes-parser@0.25.1 from lock file
npm error Missing: zod@4.6.2 from lock file
npm error Missing: zod-validation-error@4.0.2 from lock file
npm error Missing: @babel/code-frame@7.29.7 from lock file
npm error Missing: @babel/generator@7.29.8 from lock file
npm error Missing: @babel/helper-compilation-targets@7.29.7 from lock file
npm error Missing: @babel/helper-module-transforms@7.29.7 from lock file
npm error Missing: @babel/helpers@7.29.7 from lock file
npm error Missing: @babel/template@7.29.7 from lock file
npm error Missing: @babel/traverse@7.29.8 from lock file
npm error Missing: @babel/types@7.29.8 from lock file
npm error Missing: @jridgewell/remapping@2.3.5 from lock file
npm error Missing: convert-source-map@2.0.0 from lock file
npm error Missing: gensync@1.0.0-beta.2 from lock file
npm error Missing: json5@2.2.3 from lock file
npm error Missing: semver@6.3.1 from lock file
npm error Missing: @babel/helper-validator-identifier@7.29.7 from lock file
npm error Missing: @jridgewell/gen-mapping@0.3.13 from lock file
npm error Missing: @jridgewell/trace-mapping@0.3.31 from lock file
npm error Missing: jsesc@3.1.0 from lock file
npm error Missing: @babel/compat-data@7.29.7 from lock file
npm error Missing: @babel/helper-validator-option@7.29.7 from lock file
npm error Missing: browserslist@4.28.9 from lock file
npm error Missing: lru-cache@5.1.1 from lock file
npm error Missing: semver@6.3.1 from lock file
npm error Missing: @babel/helper-module-imports@7.29.7 from lock file
npm error Missing: @babel/helper-globals@7.29.7 from lock file
npm error Missing: @babel/helper-string-parser@7.29.7 from lock file
npm error Missing: @jridgewell/sourcemap-codec@1.6.0 from lock file
npm error Missing: @jridgewell/resolve-uri@3.1.2 from lock file
npm error Missing: baseline-browser-mapping@2.11.23 from lock file
npm error Invalid: lock file's caniuse-lite@1.0.30001713 does not satisfy caniuse-lite@1.0.30001810
npm error Missing: electron-to-chromium@1.5.427 from lock file
npm error Missing: node-releases@2.0.55 from lock file
npm error Missing: update-browserslist-db@1.3.3 from lock file
npm error Invalid: lock file's fastq@1.19.1 does not satisfy fastq@1.20.3
npm error Missing: motion-dom@12.43.0 from lock file
npm error Missing: motion-utils@12.39.0 from lock file
npm error Missing: hermes-estree@0.25.1 from lock file
npm error Missing: yallist@3.1.1 from lock file
npm error Invalid: lock file's picomatch@2.3.1 does not satisfy picomatch@2.3.2
npm error Invalid: lock file's @next/env@15.3.0 does not satisfy @next/env@16.1.6
npm error Invalid: lock file's @next/swc-darwin-arm64@15.3.0 does not satisfy @next/swc-darwin-arm64@16.1.6
npm error Invalid: lock file's @next/swc-darwin-x64@15.3.0 does not satisfy @next/swc-darwin-x64@16.1.6
npm error Invalid: lock file's @next/swc-linux-arm64-gnu@15.3.0 does not satisfy @next/swc-linux-arm64-gnu@16.1.6
npm error Invalid: lock file's @next/swc-linux-arm64-musl@15.3.0 does not satisfy @next/swc-linux-arm64-musl@16.1.6
npm error Invalid: lock file's @next/swc-linux-x64-gnu@15.3.0 does not satisfy @next/swc-linux-x64-gnu@16.1.6
npm error Invalid: lock file's @next/swc-linux-x64-musl@15.3.0 does not satisfy @next/swc-linux-x64-musl@16.1.6
npm error Invalid: lock file's @next/swc-win32-arm64-msvc@15.3.0 does not satisfy @next/swc-win32-arm64-msvc@16.1.6
npm error Invalid: lock file's @next/swc-win32-x64-msvc@15.3.0 does not satisfy @next/swc-win32-x64-msvc@16.1.6
npm error Invalid: lock file's sharp@0.34.1 does not satisfy sharp@0.34.5
npm error Missing: @radix-ui/react-accessible-icon@1.1.15 from lock file
npm error Missing: @radix-ui/react-accordion@1.2.20 from lock file
npm error Missing: @radix-ui/react-alert-dialog@1.1.23 from lock file
npm error Missing: @radix-ui/react-arrow@1.1.15 from lock file
npm error Missing: @radix-ui/react-aspect-ratio@1.1.15 from lock file
npm error Missing: @radix-ui/react-avatar@1.2.6 from lock file
npm error Missing: @radix-ui/react-checkbox@1.3.11 from lock file
npm error Missing: @radix-ui/react-collapsible@1.1.20 from lock file
npm error Missing: @radix-ui/react-collection@1.1.15 from lock file
npm error Missing: @radix-ui/react-context-menu@2.3.7 from lock file
npm error Missing: @radix-ui/react-direction@1.1.4 from lock file
npm error Missing: @radix-ui/react-dropdown-menu@2.1.24 from lock file
npm error Missing: @radix-ui/react-form@0.1.16 from lock file
npm error Missing: @radix-ui/react-hover-card@1.1.23 from lock file
npm error Missing: @radix-ui/react-label@2.1.15 from lock file
npm error Missing: @radix-ui/react-menu@2.1.24 from lock file
npm error Missing: @radix-ui/react-menubar@1.1.24 from lock file
npm error Missing: @radix-ui/react-navigation-menu@1.2.22 from lock file
npm error Missing: @radix-ui/react-one-time-password-field@0.1.16 from lock file
npm error Missing: @radix-ui/react-password-toggle-field@0.1.11 from lock file
npm error Missing: @radix-ui/react-popover@1.1.23 from lock file
npm error Missing: @radix-ui/react-popper@1.3.7 from lock file
npm error Missing: @radix-ui/react-progress@1.1.16 from lock file
npm error Missing: @radix-ui/react-radio-group@1.4.7 from lock file
npm error Missing: @radix-ui/react-roving-focus@1.1.19 from lock file
npm error Missing: @radix-ui/react-scroll-area@1.2.18 from lock file
npm error Missing: @radix-ui/react-select@2.3.7 from lock file
npm error Missing: @radix-ui/react-separator@1.1.15 from lock file
npm error Missing: @radix-ui/react-slider@1.4.7 from lock file
npm error Missing: @radix-ui/react-switch@1.3.7 from lock file
npm error Missing: @radix-ui/react-tabs@1.1.21 from lock file
npm error Missing: @radix-ui/react-toast@1.2.23 from lock file
npm error Missing: @radix-ui/react-toggle@1.1.18 from lock file
npm error Missing: @radix-ui/react-toggle-group@1.1.19 from lock file
npm error Missing: @radix-ui/react-toolbar@1.1.19 from lock file
npm error Missing: @radix-ui/react-tooltip@1.2.16 from lock file
npm error Missing: @radix-ui/react-use-escape-keydown@1.1.5 from lock file
npm error Missing: @radix-ui/react-use-is-hydrated@0.1.3 from lock file
npm error Missing: @radix-ui/react-use-size@1.1.4 from lock file
npm error Missing: @radix-ui/react-visually-hidden@1.2.11 from lock file
npm error Missing: @radix-ui/react-use-previous@1.1.4 from lock file
npm error Missing: @radix-ui/number@1.1.3 from lock file
npm error Missing: @floating-ui/react-dom@2.1.9 from lock file
npm error Missing: @radix-ui/react-use-rect@1.1.4 from lock file
npm error Missing: @radix-ui/rect@1.1.3 from lock file
npm error Missing: @floating-ui/dom@1.8.0 from lock file
npm error Missing: @floating-ui/core@1.8.0 from lock file
npm error Missing: @floating-ui/utils@0.2.12 from lock file
npm error Missing: react-style-singleton@2.2.3 from lock file
npm error Missing: use-callback-ref@1.3.3 from lock file
npm error Missing: use-sidecar@1.1.3 from lock file
npm error Missing: get-nonce@1.0.1 from lock file
npm error Missing: @img/colour@1.1.0 from lock file
npm error Invalid: lock file's @img/sharp-darwin-arm64@0.34.1 does not satisfy @img/sharp-darwin-arm64@0.34.5
npm error Invalid: lock file's @img/sharp-darwin-x64@0.34.1 does not satisfy @img/sharp-darwin-x64@0.34.5
npm error Invalid: lock file's @img/sharp-libvips-darwin-arm64@1.1.0 does not satisfy @img/sharp-libvips-darwin-arm64@1.2.4
npm error Invalid: lock file's @img/sharp-libvips-darwin-x64@1.1.0 does not satisfy @img/sharp-libvips-darwin-x64@1.2.4
npm error Invalid: lock file's @img/sharp-libvips-linux-arm@1.1.0 does not satisfy @img/sharp-libvips-linux-arm@1.2.4
npm error Invalid: lock file's @img/sharp-libvips-linux-arm64@1.1.0 does not satisfy @img/sharp-libvips-linux-arm64@1.2.4
npm error Invalid: lock file's @img/sharp-libvips-linux-ppc64@1.1.0 does not satisfy @img/sharp-libvips-linux-ppc64@1.2.4
npm error Missing: @img/sharp-libvips-linux-riscv64@1.2.4 from lock file
npm error Invalid: lock file's @img/sharp-libvips-linux-s390x@1.1.0 does not satisfy @img/sharp-libvips-linux-s390x@1.2.4
npm error Invalid: lock file's @img/sharp-libvips-linux-x64@1.1.0 does not satisfy @img/sharp-libvips-linux-x64@1.2.4
npm error Invalid: lock file's @img/sharp-libvips-linuxmusl-arm64@1.1.0 does not satisfy @img/sharp-libvips-linuxmusl-arm64@1.2.4
npm error Invalid: lock file's @img/sharp-libvips-linuxmusl-x64@1.1.0 does not satisfy @img/sharp-libvips-linuxmusl-x64@1.2.4
npm error Invalid: lock file's @img/sharp-linux-arm@0.34.1 does not satisfy @img/sharp-linux-arm@0.34.5
npm error Invalid: lock file's @img/sharp-linux-arm64@0.34.1 does not satisfy @img/sharp-linux-arm64@0.34.5
npm error Missing: @img/sharp-linux-ppc64@0.34.5 from lock file
npm error Missing: @img/sharp-linux-riscv64@0.34.5 from lock file
npm error Invalid: lock file's @img/sharp-linux-s390x@0.34.1 does not satisfy @img/sharp-linux-s390x@0.34.5
npm error Invalid: lock file's @img/sharp-linux-x64@0.34.1 does not satisfy @img/sharp-linux-x64@0.34.5
npm error Invalid: lock file's @img/sharp-linuxmusl-arm64@0.34.1 does not satisfy @img/sharp-linuxmusl-arm64@0.34.5
npm error Invalid: lock file's @img/sharp-linuxmusl-x64@0.34.1 does not satisfy @img/sharp-linuxmusl-x64@0.34.5
npm error Invalid: lock file's @img/sharp-wasm32@0.34.1 does not satisfy @img/sharp-wasm32@0.34.5
npm error Missing: @img/sharp-win32-arm64@0.34.5 from lock file
npm error Invalid: lock file's @img/sharp-win32-ia32@0.34.1 does not satisfy @img/sharp-win32-ia32@0.34.5
npm error Invalid: lock file's @img/sharp-win32-x64@0.34.1 does not satisfy @img/sharp-win32-x64@0.34.5
npm error Invalid: lock file's detect-libc@2.0.3 does not satisfy detect-libc@2.1.2
npm error Invalid: lock file's semver@7.7.1 does not satisfy semver@7.8.5
npm error Invalid: lock file's @emnapi/runtime@1.4.0 does not satisfy @emnapi/runtime@1.11.3
npm error Missing: @thednp/dommatrix@3.1.2 from lock file
npm error Invalid: lock file's @typescript-eslint/eslint-plugin@8.29.1 does not satisfy @typescript-eslint/eslint-plugin@8.70.0
npm error Invalid: lock file's @typescript-eslint/parser@8.29.1 does not satisfy @typescript-eslint/parser@8.70.0
npm error Invalid: lock file's @typescript-eslint/typescript-estree@8.29.1 does not satisfy @typescript-eslint/typescript-estree@8.70.0
npm error Invalid: lock file's @typescript-eslint/utils@8.29.1 does not satisfy @typescript-eslint/utils@8.70.0
npm error Invalid: lock file's @eslint-community/regexpp@4.12.1 does not satisfy @eslint-community/regexpp@4.12.2
npm error Invalid: lock file's @typescript-eslint/scope-manager@8.29.1 does not satisfy @typescript-eslint/scope-manager@8.70.0
npm error Invalid: lock file's @typescript-eslint/type-utils@8.29.1 does not satisfy @typescript-eslint/type-utils@8.70.0
npm error Invalid: lock file's @typescript-eslint/visitor-keys@8.29.1 does not satisfy @typescript-eslint/visitor-keys@8.70.0
npm error Missing: ignore@7.0.9 from lock file
npm error Invalid: lock file's ts-api-utils@2.1.0 does not satisfy ts-api-utils@2.5.0
npm error Invalid: lock file's @typescript-eslint/types@8.29.1 does not satisfy @typescript-eslint/types@8.70.0
npm error Invalid: lock file's debug@4.4.0 does not satisfy debug@4.4.3
npm error Missing: @typescript-eslint/project-service@8.70.0 from lock file
npm error Missing: @typescript-eslint/tsconfig-utils@8.70.0 from lock file
npm error Invalid: lock file's minimatch@9.0.5 does not satisfy minimatch@10.2.6
npm error Invalid: lock file's tinyglobby@0.2.12 does not satisfy tinyglobby@0.2.17
npm error Invalid: lock file's @eslint-community/eslint-utils@4.5.1 does not satisfy @eslint-community/eslint-utils@4.10.1
npm error Missing: eslint-visitor-keys@5.0.1 from lock file
npm error Invalid: lock file's fdir@6.4.3 does not satisfy fdir@6.5.0
npm error Invalid: lock file's picomatch@4.0.2 does not satisfy picomatch@4.0.7
npm error Missing: escalade@3.2.0 from lock file
npm error Missing: detect-node-es@1.1.0 from lock file
npm error Invalid: lock file's brace-expansion@2.0.1 does not satisfy brace-expansion@5.0.9
npm error Missing: balanced-match@4.0.4 from lock file
npm error
npm error Clean install a project
npm error
npm error Usage:
npm error npm ci
npm error
npm error Options:
npm error [--install-strategy <hoisted|nested|shallow|linked>] [--legacy-bundling]
npm error [--global-style] [--omit <dev|optional|peer> [--omit <dev|optional|peer> ...]]
npm error [--include <prod|dev|optional|peer> [--include <prod|dev|optional|peer> ...]]
npm error [--strict-peer-deps] [--foreground-scripts] [--ignore-scripts]
npm error [--allow-git <all|none|root>] [--no-audit] [--no-bin-links] [--no-fund]
npm error [--dry-run]
npm error [-w|--workspace <workspace-name> [-w|--workspace <workspace-name> ...]]
npm error [--workspaces] [--include-workspace-root] [--install-links]
npm error
npm error   --install-strategy
npm error     Sets the strategy for installing packages in node_modules.
npm error
npm error   --legacy-bundling
npm error     Instead of hoisting package installs in `node_modules`, install packages
npm error
npm error   --global-style
npm error     Only install direct dependencies in the top level `node_modules`,
npm error
npm error   --omit
npm error     Dependency types to omit from the installation tree on disk.
npm error
npm error   --include
npm error     Option that allows for defining which types of dependencies to install.
npm error
npm error   --strict-peer-deps
npm error     If set to `true`, and `--legacy-peer-deps` is not set, then _any_
npm error
npm error   --foreground-scripts
npm error     Run all build scripts (ie, `preinstall`, `install`, and
npm error
npm error   --ignore-scripts
npm error     If true, npm does not run scripts specified in package.json files.
npm error
npm error   --allow-git
npm error     Limits the ability for npm to fetch dependencies from git references.
npm error
npm error   --audit
npm error     When "true" submit audit reports alongside the current npm command to the
npm error
npm error   --bin-links
npm error     Tells npm to create symlinks (or `.cmd` shims on Windows) for package
npm error
npm error   --fund
npm error     When "true" displays the message at the end of each `npm install`
npm error
npm error   --dry-run
npm error     Indicates that you don't want npm to make any changes and that it should
npm error
npm error   -w|--workspace
npm error     Enable running a command in the context of the configured workspaces of the
npm error
npm error   --workspaces
npm error     Set to true to run the command in the context of **all** configured
npm error
npm error   --include-workspace-root
npm error     Include the workspace root when workspaces are enabled for a command.
npm error
npm error   --install-links
npm error     When set file: protocol dependencies will be packed and installed as
npm error
npm error
npm error aliases: clean-install, ic, install-clean, isntall-clean
npm error
npm error Run "npm help ci" for more info
npm error A complete log of this run can be found in: C:\Users\Yamin\AppData\Local\npm-cache\_logs\2026-09-12T21_08_01_282Z-debug-0.log
